ld: warning: direct access in function 'std::__1::basic_string<char, std::__1::char_traits<char>, std::__1::allocator<char> > pqxx::to_string<std::__1::basic_string<std::byte, std::__1::char_traits<std::byte>, std::__1::allocator<std::byte> > >(std::__1::basic_string<std::byte, std::__1::char_traits<std::byte>, std::__1::allocator<std::byte> > const&)' from file '/var/folders/4g/_1lfx5z12ng9xv9tt0ff6ptw002r9l/T/testprogram-515f88.o' to global weak symbol 'typeinfo for pqxx::conversion_error' from file '/Users/baldvin/projects/libpqxx_visibility_issue_repro/build/lib/libpqxx.a(connection.o)' means the weak symbol cannot be overridden at runtime. This was likely caused by different translation units being compiled with different visibility settings.
ld: warning: direct access in function 'int pqxx::check_cast<int, unsigned long>(unsigned long, std::__1::basic_string_view<char, std::__1::char_traits<char> >)' from file '/var/folders/4g/_1lfx5z12ng9xv9tt0ff6ptw002r9l/T/testprogram-515f88.o' to global weak symbol 'typeinfo for pqxx::range_error' from file '/Users/baldvin/projects/libpqxx_visibility_issue_repro/build/lib/libpqxx.a(connection.o)' means the weak symbol cannot be overridden at runtime. This was likely caused by different translation units being compiled with different visibility settings.
ld: warning: direct access in function 'pqxx::string_traits<std::__1::basic_string<std::byte, std::__1::char_traits<std::byte>, std::__1::allocator<std::byte> > >::into_buf(char*, char*, std::__1::basic_string<std::byte, std::__1::char_traits<std::byte>, std::__1::allocator<std::byte> > const&)' from file '/var/folders/4g/_1lfx5z12ng9xv9tt0ff6ptw002r9l/T/testprogram-515f88.o' to global weak symbol 'typeinfo for pqxx::conversion_overrun' from file '/Users/baldvin/projects/libpqxx_visibility_issue_repro/build/lib/libpqxx.a(connection.o)' means the weak symbol cannot be overridden at runtime. This was likely caused by different translation units being compiled with different visibility settings.
